﻿
> valorizaciones@0.0.0 build
> vite build && tsc -p tsconfig.server.json

[36mvite v8.0.7 [32mbuilding client environment for production...[36m[39m
[2K
npm : 
En línea: 1 Carácter: 1
+ npm run build > build_output.txt 2>&1
+ ~~~~~~~~~~~~~~~~~~~~~~~~~~~~~~~~~~~~~
    + CategoryInfo          : NotSpecified: (:String) [], RemoteException
    + FullyQualifiedErrorId : NativeCommandError
 
/cursor.png referenced in /cursor.png didn't resolve at build time, it will remain unchanged to be resolved at runtime
transforming...Ô£ô 2321 modules transformed.
rendering chunks...
computing gzip size...
dist/index.html                                         2.86 kB Ôöé gzip:   0.93 kB
dist/assets/index-03qXvwmO.css                         99.53 kB Ôöé gzip:  15.04 kB
dist/assets/check-D_0qWpyU.js                           0.11 kB Ôöé gzip:   0.13 kB
dist/assets/chevron-down-CH-Wl0sG.js                    0.12 kB Ôöé gzip:   0.13 kB
dist/assets/chevron-right-DQiXkLjq.js                   0.12 kB Ôöé gzip:   0.13 kB
dist/assets/plus-jSQNKbRX.js                            0.14 kB Ôöé gzip:   0.14 kB
dist/assets/terminal-omG4wjdd.js                        0.15 kB Ôöé gzip:   0.15 kB
dist/assets/search-CW1-M_Pa.js                          0.16 kB Ôöé gzip:   0.16 kB
dist/assets/circle-check-BKsyYKcd.js                    0.17 kB Ôöé gzip:   0.16 kB
dist/assets/user-BjsQWzaS.js                            0.18 kB Ôöé gzip:   0.17 kB
dist/assets/lock-CBVE6w8C.js                            0.19 kB Ôöé gzip:   0.18 kB
dist/assets/dollar-sign-BHlMePc_.js                     0.21 kB Ôöé gzip:   0.18 kB
dist/assets/briefcase-DvUsF-Cr.js                       0.21 kB Ôöé gzip:   0.19 kB
dist/assets/activity-D1nGPC5r.js                        0.22 kB Ôöé gzip:   0.19 kB
dist/assets/pen-ZGyFr_qx.js                             0.22 kB Ôöé gzip:   0.19 kB
dist/assets/history-Dwq00rX7.js                         0.23 kB Ôöé gzip:   0.19 kB
dist/assets/circle-alert-CpFrsgKq.js                    0.24 kB Ôöé gzip:   0.18 kB
dist/assets/settings-2-C0nfFo7f.js                      0.24 kB Ôöé gzip:   0.19 kB
dist/assets/eye-DGoVpJYA.js                             0.24 kB Ôöé gzip:   0.19 kB
dist/assets/funnel-DHhv0K8U.js                          0.24 kB Ôöé gzip:   0.21 kB
dist/assets/calendar-B4zoyycT.js                        0.25 kB Ôöé gzip:   0.19 kB
dist/assets/map-pin-7cby_IHC.js                         0.25 kB Ôöé gzip:   0.22 kB
dist/assets/shield-CyGb83vG.js                          0.26 kB Ôöé gzip:   0.22 kB
dist/assets/users-CqE41iFK.js                           0.29 kB Ôöé gzip:   0.22 kB
dist/assets/formatters-Bowx0dRS.js                      0.30 kB Ôöé gzip:   0.21 kB
dist/assets/box-zvyUBYjx.js                             0.30 kB Ôöé gzip:   0.22 kB
dist/assets/save-Bbb1Mw-I.js                            0.32 kB Ôöé gzip:   0.22 kB
dist/assets/package-CIqS5Htm.js                         0.36 kB Ôöé gzip:   0.25 kB
dist/assets/building-2-dpELbf5C.js                      0.37 kB Ôöé gzip:   0.23 kB
dist/assets/file-text-0GoigWpD.js                       0.37 kB Ôöé gzip:   0.24 kB
dist/assets/settings-B6Ep4kY0.js                        0.48 kB Ôöé gzip:   0.25 kB
dist/assets/shield-alert-C4DTrdKU.js                    0.53 kB Ôöé gzip:   0.34 kB
dist/assets/rolesService-B4KnpwwI.js                    1.04 kB Ôöé gzip:   0.45 kB
dist/assets/useAuth-B_9L9R7s.js                         1.06 kB Ôöé gzip:   0.62 kB
dist/assets/ThemeContext-D7LC6foA.js                    1.24 kB Ôöé gzip:   0.67 kB
dist/assets/react-dom-XMOWnwXw.js                       3.54 kB Ôöé gzip:   1.34 kB
dist/assets/ConfigLayout-B0h9AJJ9.js                    4.15 kB Ôöé gzip:   1.50 kB
dist/assets/SettingsPage-CpDdJALU.js                    4.27 kB Ôöé gzip:   1.77 kB
dist/assets/DialogContext-DuGo5SU6.js                   4.33 kB Ôöé gzip:   1.71 kB
dist/assets/LoginPage-mYDVLgys.js                       8.08 kB Ôöé gzip:   2.90 kB
dist/assets/ConfigCanalInstitucionalPage-7avpqmXt.js    9.98 kB Ôöé gzip:   2.91 kB
dist/assets/MaterialsPage-DBSgDGMC.js                   9.99 kB Ôöé gzip:   2.95 kB
dist/assets/AuditLogPage-D1kGrZzo.js                   12.04 kB Ôöé gzip:   3.62 kB
dist/assets/RolesPage-SD7vAObH.js                      14.09 kB Ôöé gzip:   3.98 kB
dist/assets/UsersPage-YHiEidbq.js                      19.69 kB Ôöé gzip:   5.60 kB
dist/assets/ConfigDistritosPage-Bjvg7E0p.js            19.83 kB Ôöé gzip:   4.69 kB
dist/assets/TarifarioPage-BvFnd6QR.js                  26.74 kB Ôöé gzip:   7.01 kB
dist/assets/apiClient-DYHdPz0X.js                      37.50 kB Ôöé gzip:  12.80 kB
dist/assets/chunk-QFMPRPBF-Bo5aFphK.js                 42.25 kB Ôöé gzip:  14.98 kB
dist/assets/ValuationsPage-CICBOld1.js                120.96 kB Ôöé gzip:  23.06 kB
dist/assets/index-CfSLgbXs.js                         194.25 kB Ôöé gzip:  61.35 kB
dist/assets/DashboardPage-Dl-acYt8.js                 347.59 kB Ôöé gzip: 102.21 kB

[31mÔ£ù[39m Build failed in 1.43s
[31merror during build:
[31mBuild failed with 1 error:

Error: [vite]: Rolldown failed to resolve import "date-fns" from 
"D:/diego/Documentos/Antigravity/Valorizaciones/valorizaciones/src/pages/config/ConfigDistritosPage.tsx".
This is most likely unintended because it can break your application at runtime.
If you do want to externalize this module explicitly add it to
`build.rollupOptions.external`
    at viteLog (file:///D:/diego/Documentos/Antigravity/Valorizaciones/valorizaciones/node_modules/vite/dist/node/chunk
s/node.js:33047:57)
    at file:///D:/diego/Documentos/Antigravity/Valorizaciones/valorizaciones/node_modules/vite/dist/node/chunks/node.js
:33083:71
    at onwarn (file:///D:/diego/Documentos/Antigravity/Valorizaciones/valorizaciones/node_modules/@vitejs/plugin-react/
dist/index.js:40:7)
    at file:///D:/diego/Documentos/Antigravity/Valorizaciones/valorizaciones/node_modules/vite/dist/node/chunks/node.js
:33083:28
    at onRollupLog (file:///D:/diego/Documentos/Antigravity/Valorizaciones/valorizaciones/node_modules/vite/dist/node/c
hunks/node.js:33078:63)
    at onLog (file:///D:/diego/Documentos/Antigravity/Valorizaciones/valorizaciones/node_modules/vite/dist/node/chunks/
node.js:32847:4)
    at file:///D:/diego/Documentos/Antigravity/Valorizaciones/valorizaciones/node_modules/rolldown/dist/shared/rolldown
-build-hRnqgxyz.mjs:50:26
    at logger (file:///D:/diego/Documentos/Antigravity/Valorizaciones/valorizaciones/node_modules/rolldown/dist/shared/
rolldown-build-hRnqgxyz.mjs:41:3)
    at onLog (file:///D:/diego/Documentos/Antigravity/Valorizaciones/valorizaciones/node_modules/rolldown/dist/shared/b
indingify-input-options-4E8MEYg4.mjs:2015:32)[31m
    at aggregateBindingErrorsIntoJsError (file:///D:/diego/Documentos/Antigravity/Valorizaciones/valorizaciones/node_mo
dules/rolldown/dist/shared/error-DBGOT6sf.mjs:48:18)
    at unwrapBindingResult (file:///D:/diego/Documentos/Antigravity/Valorizaciones/valorizaciones/node_modules/rolldown
/dist/shared/error-DBGOT6sf.mjs:18:128)
    at #build (file:///D:/diego/Documentos/Antigravity/Valorizaciones/valorizaciones/node_modules/rolldown/dist/shared/
rolldown-build-hRnqgxyz.mjs:3313:34)
    at async buildEnvironment (file:///D:/diego/Documentos/Antigravity/Valorizaciones/valorizaciones/node_modules/vite/
dist/node/chunks/node.js:32954:64)
    at async Object.build (file:///D:/diego/Documentos/Antigravity/Valorizaciones/valorizaciones/node_modules/vite/dist
/node/chunks/node.js:33376:19)
    at async Object.buildApp (file:///D:/diego/Documentos/Antigravity/Valorizaciones/valorizaciones/node_modules/vite/d
ist/node/chunks/node.js:33373:153)
    at async CAC.<anonymous> 
(file:///D:/diego/Documentos/Antigravity/Valorizaciones/valorizaciones/node_modules/vite/dist/node/cli.js:778:3) {
  errors: [Getter/Setter]
}[39m
